Collecting pyBigWig
  Downloading pybigwig-0.3.25.tar.gz (75 kB)
  Installing build dependencies: started
  Installing build dependencies: finished with status 'done'
  Getting requirements to build wheel: started
  Getting requirements to build wheel: finished with status 'done'
    Preparing wheel metadata: started
    Preparing wheel metadata: finished with status 'done'
Collecting pyfaidx
  Downloading pyfaidx-0.9.0.4-py3-none-any.whl (29 kB)
Collecting pandas
  Downloading pandas-2.3.3-cp39-cp39-macosx_11_0_arm64.whl (10.8 MB)
Requirement already satisfied: packaging in ./.venv/lib/python3.9/site-packages (from pyfaidx) (26.3)
Collecting pytz>=2020.1
  Downloading pytz-2026.3.post1-py2.py3-none-any.whl (508 kB)
Requirement already satisfied: numpy>=1.22.4 in ./.venv/lib/python3.9/site-packages (from pandas) (2.0.2)
Collecting tzdata>=2022.7
  Downloading tzdata-2026.3-py2.py3-none-any.whl (348 kB)
Requirement already satisfied: python-dateutil>=2.8.2 in ./.venv/lib/python3.9/site-packages (from pandas) (2.9.0.post0)
Requirement already satisfied: six>=1.5 in ./.venv/lib/python3.9/site-packages (from python-dateutil>=2.8.2->pandas) (1.17.0)
Building wheels for collected packages: pyBigWig
  Building wheel for pyBigWig (PEP 517): started
  Building wheel for pyBigWig (PEP 517): finished with status 'done'
  Created wheel for pyBigWig: filename=pybigwig-0.3.25-cp39-cp39-macosx_10_9_universal2.whl size=114720 sha256=2ca1a8911edee779a5808899bc2129ae3bad7dc3169235d64b9a473eeb70e4aa
  Stored in directory: /Users/lujiang/Library/Caches/pip/wheels/8a/44/18/2ad99f1ca9da23cb9499a2a6ed4b4293e19aad389f875ac343
Successfully built pyBigWig
Installing collected packages: tzdata, pytz, pyfaidx, pyBigWig, pandas
Successfully installed pandas-2.3.3 pyBigWig-0.3.25 pyfaidx-0.9.0.4 pytz-2026.3.post1 tzdata-2026.3
WARNING: You are using pip version 21.2.4; however, version 26.0.1 is available.
You should consider upgrading via the '/Users/lujiang/Desktop/vs_projects/glia-enhancer-design/.venv/bin/python -m pip install --upgrade pip' command.
