Collecting numpy
  Using cached numpy-2.0.2-cp39-cp39-macosx_14_0_arm64.whl (5.3 MB)
Collecting matplotlib
  Downloading matplotlib-3.9.4-cp39-cp39-macosx_11_0_arm64.whl (7.8 MB)
Collecting scipy
  Downloading scipy-1.13.1-cp39-cp39-macosx_12_0_arm64.whl (30.3 MB)
Collecting macs3
  Downloading macs3-3.0.4.tar.gz (713 kB)
  Installing build dependencies: started
  Installing build dependencies: finished with status 'done'
  Getting requirements to build wheel: started
  Getting requirements to build wheel: finished with status 'done'
    Preparing wheel metadata: started
    Preparing wheel metadata: finished with status 'done'
Collecting pillow>=8
  Using cached pillow-11.3.0-cp39-cp39-macosx_11_0_arm64.whl (4.7 MB)
Collecting contourpy>=1.0.1
  Downloading contourpy-1.3.0-cp39-cp39-macosx_11_0_arm64.whl (249 kB)
Collecting importlib-resources>=3.2.0
  Downloading importlib_resources-6.5.2-py3-none-any.whl (37 kB)
Collecting cycler>=0.10
  Downloading cycler-0.12.1-py3-none-any.whl (8.3 kB)
Collecting fonttools>=4.22.0
  Downloading fonttools-4.60.2-cp39-cp39-macosx_10_9_universal2.whl (2.9 MB)
Collecting python-dateutil>=2.7
  Downloading python_dateutil-2.9.0.post0-py2.py3-none-any.whl (229 kB)
Collecting pyparsing>=2.3.1
  Downloading pyparsing-3.3.2-py3-none-any.whl (122 kB)
Collecting kiwisolver>=1.3.1
  Downloading kiwisolver-1.4.7-cp39-cp39-macosx_11_0_arm64.whl (64 kB)
Collecting packaging>=20.0
  Using cached packaging-26.3-py3-none-any.whl (129 kB)
Collecting cykhash>=2.0
  Using cached cykhash-2.0.1-cp39-cp39-macosx_10_9_universal2.whl
Collecting scikit-learn>=1.3
  Using cached scikit_learn-1.6.1-cp39-cp39-macosx_12_0_arm64.whl (11.1 MB)
Collecting hmmlearn>=0.3.2
  Using cached hmmlearn-0.3.3-cp39-cp39-macosx_10_9_universal2.whl (195 kB)
Collecting zipp>=3.1.0
  Downloading zipp-3.23.1-py3-none-any.whl (10 kB)
Collecting six>=1.5
  Downloading six-1.17.0-py2.py3-none-any.whl (11 kB)
Collecting joblib>=1.2.0
  Using cached joblib-1.5.3-py3-none-any.whl (309 kB)
Collecting threadpoolctl>=3.1.0
  Using cached threadpoolctl-3.6.0-py3-none-any.whl (18 kB)
Building wheels for collected packages: macs3
  Building wheel for macs3 (PEP 517): started
  Building wheel for macs3 (PEP 517): still running...
  Building wheel for macs3 (PEP 517): finished with status 'done'
  Created wheel for macs3: filename=macs3-3.0.4-cp39-cp39-macosx_10_9_universal2.whl size=6016533 sha256=f09b77be02fcbc11b49252b6706c1201678941bc69482b5f22c5a82659bb7d91
  Stored in directory: /Users/lujiang/Library/Caches/pip/wheels/5f/e4/09/8349d86306ff452adf1be642136a53a5274e1bf00e8b317552
Successfully built macs3
Installing collected packages: numpy, threadpoolctl, scipy, joblib, zipp, six, scikit-learn, python-dateutil, pyparsing, pillow, packaging, kiwisolver, importlib-resources, hmmlearn, fonttools, cykhash, cycler, contourpy, matplotlib, macs3
Successfully installed contourpy-1.3.0 cycler-0.12.1 cykhash-2.0.1 fonttools-4.60.2 hmmlearn-0.3.3 importlib-resources-6.5.2 joblib-1.5.3 kiwisolver-1.4.7 macs3-3.0.4 matplotlib-3.9.4 numpy-2.0.2 packaging-26.3 pillow-11.3.0 pyparsing-3.3.2 python-dateutil-2.9.0.post0 scikit-learn-1.6.1 scipy-1.13.1 six-1.17.0 threadpoolctl-3.6.0 zipp-3.23.1
WARNING: You are using pip version 21.2.4; however, version 26.0.1 is available.
You should consider upgrading via the '/Users/lujiang/Desktop/vs_projects/glia-enhancer-design/.venv/bin/python -m pip install --upgrade pip' command.
